<?xml version="1.0" encoding="UTF-8"?>
<Rows>
 <Row><date1>1996-10-01</date1> <Customer No> 10000</Customer No> <First Name>Matt</First Name> <Last Name>\&quot;Casters\&quot;</Last Name> <Address>Pekelharing 32, 9000 GENT</Address> <Birth Date>1970&#47;01&#47;01</Birth Date> </Row>
 <Row><date1>2000-08-01</date1> <Customer No> 10000</Customer No> <First Name>Matt</First Name> <Last Name>Casters</Last Name> <Address>Assesteenweg 234, 1742 TERNAT</Address> <Birth Date/> </Row>
 <Row><date1>2002-05-01</date1> <Customer No> 10000</Customer No> <First Name>Matt</First Name> <Last Name>Casters</Last Name> <Address>Fonteinstraat 70, 9400 OKEGEM</Address> <Birth Date>1969&#47;02&#47;14</Birth Date> </Row>
</Rows>
