id|value|value2
 1|a|
 2|b||a
 3|c|
 4|d"|
 5|e|
