"test1","test2"
"abc,def","second field"
"abc,def","second field"
"abc,def","second field"
"abc,def","second field"
"abc,def","second field"
"abc,def","second field"
"abc,def","second field"
"abc,def","second field"
"abc,def","second field"
"abc,def","second field"
