1  Bob            O'Daniel       448-65-3661    Montana        454209  20  1959
2  Tom            O'Daniel       371-43-3355    Wisconsin      313512  14  1992
3  Dave           Owens          244-61-4573    Montana        812212  04  1980